node_modules/sonner/dist/index.d.ts(1,8): error TS1259: Module '"c:/Users/HP/Desktop/AppointmentSystem/frontend/node_modules/@types/react/index"' can only be default-imported using the 'esModuleInterop' flag
src/components/admin/StaffMembers.tsx(4,48): error TS6142: Module '../ui/PhoneInput' was resolved to 'c:/Users/HP/Desktop/AppointmentSystem/frontend/src/components/ui/PhoneInput.tsx', but '--jsx' is not set.
src/components/admin/StaffMembers.tsx(12,35): error TS6142: Module '../../components/ConfirmationModal' was resolved to 'c:/Users/HP/Desktop/AppointmentSystem/frontend/src/components/ConfirmationModal.tsx', but '--jsx' is not set.
src/components/admin/StaffMembers.tsx(13,34): error TS6142: Module './InviteStaffModal' was resolved to 'c:/Users/HP/Desktop/AppointmentSystem/frontend/src/components/admin/InviteStaffModal.tsx', but '--jsx' is not set.
src/components/admin/StaffMembers.tsx(14,70): error TS6142: Module './StaffSkeletons' was resolved to 'c:/Users/HP/Desktop/AppointmentSystem/frontend/src/components/admin/StaffSkeletons.tsx', but '--jsx' is not set.
src/components/admin/StaffMembers.tsx(18,29): error TS6142: Module '../../context/TimezoneContext' was resolved to 'c:/Users/HP/Desktop/AppointmentSystem/frontend/src/context/TimezoneContext.tsx', but '--jsx' is not set.
src/components/admin/StaffMembers.tsx(550,1): error TS17004: Cannot use JSX unless the '--jsx' flag is provided.
src/components/admin/StaffMembers.tsx(559,5): error TS17004: Cannot use JSX unless the '--jsx' flag is provided.
src/components/admin/StaffMembers.tsx(736,9): error TS17004: Cannot use JSX unless the '--jsx' flag is provided.
src/components/admin/StaffMembers.tsx(737,13): error TS17004: Cannot use JSX unless the '--jsx' flag is provided.
src/components/admin/StaffMembers.tsx(747,13): error TS17004: Cannot use JSX unless the '--jsx' flag is provided.
src/components/admin/StaffMembers.tsx(749,21): error TS17004: Cannot use JSX unless the '--jsx' flag is provided.
src/components/admin/StaffMembers.tsx(750,25): error TS17004: Cannot use JSX unless the '--jsx' flag is provided.
src/components/admin/StaffMembers.tsx(753,33): error TS17004: Cannot use JSX unless the '--jsx' flag is provided.
src/components/admin/StaffMembers.tsx(754,37): error TS17004: Cannot use JSX unless the '--jsx' flag is provided.
src/components/admin/StaffMembers.tsx(755,37): error TS17004: Cannot use JSX unless the '--jsx' flag is provided.
src/components/admin/StaffMembers.tsx(756,41): error TS17004: Cannot use JSX unless the '--jsx' flag is provided.
src/components/admin/StaffMembers.tsx(757,41): error TS17004: Cannot use JSX unless the '--jsx' flag is provided.
src/components/admin/StaffMembers.tsx(758,45): error TS17004: Cannot use JSX unless the '--jsx' flag is provided.
src/components/admin/StaffMembers.tsx(759,45): error TS17004: Cannot use JSX unless the '--jsx' flag is provided.
src/components/admin/StaffMembers.tsx(762,37): error TS17004: Cannot use JSX unless the '--jsx' flag is provided.
src/components/admin/StaffMembers.tsx(763,41): error TS17004: Cannot use JSX unless the '--jsx' flag is provided.
src/components/admin/StaffMembers.tsx(764,41): error TS17004: Cannot use JSX unless the '--jsx' flag is provided.
src/components/admin/StaffMembers.tsx(765,45): error TS17004: Cannot use JSX unless the '--jsx' flag is provided.
src/components/admin/StaffMembers.tsx(766,45): error TS17004: Cannot use JSX unless the '--jsx' flag is provided.
src/components/admin/StaffMembers.tsx(773,29): error TS17004: Cannot use JSX unless the '--jsx' flag is provided.
src/components/admin/StaffMembers.tsx(774,33): error TS17004: Cannot use JSX unless the '--jsx' flag is provided.
src/components/admin/StaffMembers.tsx(775,33): error TS17004: Cannot use JSX unless the '--jsx' flag is provided.
src/components/admin/StaffMembers.tsx(776,37): error TS17004: Cannot use JSX unless the '--jsx' flag is provided.
src/components/admin/StaffMembers.tsx(777,37): error TS17004: Cannot use JSX unless the '--jsx' flag is provided.
src/components/admin/StaffMembers.tsx(778,37): error TS17004: Cannot use JSX unless the '--jsx' flag is provided.
src/components/admin/StaffMembers.tsx(780,33): error TS17004: Cannot use JSX unless the '--jsx' flag is provided.
src/components/admin/StaffMembers.tsx(781,37): error TS17004: Cannot use JSX unless the '--jsx' flag is provided.
src/components/admin/StaffMembers.tsx(782,41): error TS17004: Cannot use JSX unless the '--jsx' flag is provided.
src/components/admin/StaffMembers.tsx(783,41): error TS17004: Cannot use JSX unless the '--jsx' flag is provided.
src/components/admin/StaffMembers.tsx(785,37): error TS17004: Cannot use JSX unless the '--jsx' flag is provided.
src/components/admin/StaffMembers.tsx(786,41): error TS17004: Cannot use JSX unless the '--jsx' flag is provided.
src/components/admin/StaffMembers.tsx(787,41): error TS17004: Cannot use JSX unless the '--jsx' flag is provided.
src/components/admin/StaffMembers.tsx(789,37): error TS17004: Cannot use JSX unless the '--jsx' flag is provided.
src/components/admin/StaffMembers.tsx(790,41): error TS17004: Cannot use JSX unless the '--jsx' flag is provided.
src/components/admin/StaffMembers.tsx(791,41): error TS17004: Cannot use JSX unless the '--jsx' flag is provided.
src/components/admin/StaffMembers.tsx(798,17): error TS17004: Cannot use JSX unless the '--jsx' flag is provided.
src/components/admin/StaffMembers.tsx(801,17): error TS17004: Cannot use JSX unless the '--jsx' flag is provided.
src/components/admin/StaffMembers.tsx(802,21): error TS17004: Cannot use JSX unless the '--jsx' flag is provided.
src/components/admin/StaffMembers.tsx(804,29): error TS17004: Cannot use JSX unless the '--jsx' flag is provided.
src/components/admin/StaffMembers.tsx(805,33): error TS17004: Cannot use JSX unless the '--jsx' flag is provided.
src/components/admin/StaffMembers.tsx(806,38): error TS17004: Cannot use JSX unless the '--jsx' flag is provided.
src/components/admin/StaffMembers.tsx(807,37): error TS17004: Cannot use JSX unless the '--jsx' flag is provided.
src/components/admin/StaffMembers.tsx(818,25): error TS17004: Cannot use JSX unless the '--jsx' flag is provided.
src/components/admin/StaffMembers.tsx(820,33): error TS17004: Cannot use JSX unless the '--jsx' flag is provided.
src/components/admin/StaffMembers.tsx(826,37): error TS17004: Cannot use JSX unless the '--jsx' flag is provided.
src/components/admin/StaffMembers.tsx(827,41): error TS17004: Cannot use JSX unless the '--jsx' flag is provided.
src/components/admin/StaffMembers.tsx(828,45): error TS17004: Cannot use JSX unless the '--jsx' flag is provided.
src/components/admin/StaffMembers.tsx(830,41): error TS17004: Cannot use JSX unless the '--jsx' flag is provided.
src/components/admin/StaffMembers.tsx(831,45): error TS17004: Cannot use JSX unless the '--jsx' flag is provided.
src/components/admin/StaffMembers.tsx(832,45): error TS17004: Cannot use JSX unless the '--jsx' flag is provided.
src/components/admin/StaffMembers.tsx(839,26): error TS17004: Cannot use JSX unless the '--jsx' flag is provided.
src/components/admin/StaffMembers.tsx(841,29): error TS17004: Cannot use JSX unless the '--jsx' flag is provided.
src/components/admin/StaffMembers.tsx(842,29): error TS17004: Cannot use JSX unless the '--jsx' flag is provided.
src/components/admin/StaffMembers.tsx(846,33): error TS17004: Cannot use JSX unless the '--jsx' flag is provided.
src/components/admin/StaffMembers.tsx(849,29): error TS17004: Cannot use JSX unless the '--jsx' flag is provided.
src/components/admin/StaffMembers.tsx(853,33): error TS17004: Cannot use JSX unless the '--jsx' flag is provided.
src/components/admin/StaffMembers.tsx(864,17): error TS17004: Cannot use JSX unless the '--jsx' flag is provided.
src/components/admin/StaffMembers.tsx(866,25): error TS17004: Cannot use JSX unless the '--jsx' flag is provided.
src/components/admin/StaffMembers.tsx(867,29): error TS17004: Cannot use JSX unless the '--jsx' flag is provided.
src/components/admin/StaffMembers.tsx(868,33): error TS17004: Cannot use JSX unless the '--jsx' flag is provided.
src/components/admin/StaffMembers.tsx(869,37): error TS17004: Cannot use JSX unless the '--jsx' flag is provided.
src/components/admin/StaffMembers.tsx(870,37): error TS17004: Cannot use JSX unless the '--jsx' flag is provided.
src/components/admin/StaffMembers.tsx(877,41): error TS17004: Cannot use JSX unless the '--jsx' flag is provided.
src/components/admin/StaffMembers.tsx(883,29): error TS17004: Cannot use JSX unless the '--jsx' flag is provided.
src/components/admin/StaffMembers.tsx(884,33): error TS17004: Cannot use JSX unless the '--jsx' flag is provided.
src/components/admin/StaffMembers.tsx(885,37): error TS17004: Cannot use JSX unless the '--jsx' flag is provided.
src/components/admin/StaffMembers.tsx(894,45): error TS17004: Cannot use JSX unless the '--jsx' flag is provided.
src/components/admin/StaffMembers.tsx(897,37): error TS17004: Cannot use JSX unless the '--jsx' flag is provided.
src/components/admin/StaffMembers.tsx(906,37): error TS17004: Cannot use JSX unless the '--jsx' flag is provided.
src/components/admin/StaffMembers.tsx(928,29): error TS17004: Cannot use JSX unless the '--jsx' flag is provided.
src/components/admin/StaffMembers.tsx(931,41): error TS17004: Cannot use JSX unless the '--jsx' flag is provided.
src/components/admin/StaffMembers.tsx(933,37): error TS17004: Cannot use JSX unless the '--jsx' flag is provided.
src/components/admin/StaffMembers.tsx(934,41): error TS17004: Cannot use JSX unless the '--jsx' flag is provided.
src/components/admin/StaffMembers.tsx(935,45): error TS17004: Cannot use JSX unless the '--jsx' flag is provided.
src/components/admin/StaffMembers.tsx(936,49): error TS17004: Cannot use JSX unless the '--jsx' flag is provided.
src/components/admin/StaffMembers.tsx(937,53): error TS17004: Cannot use JSX unless the '--jsx' flag is provided.
src/components/admin/StaffMembers.tsx(938,64): error TS17004: Cannot use JSX unless the '--jsx' flag is provided.
src/components/admin/StaffMembers.tsx(940,49): error TS17004: Cannot use JSX unless the '--jsx' flag is provided.
src/components/admin/StaffMembers.tsx(954,74): error TS17004: Cannot use JSX unless the '--jsx' flag is provided.
src/components/admin/StaffMembers.tsx(956,45): error TS17004: Cannot use JSX unless the '--jsx' flag is provided.
src/components/admin/StaffMembers.tsx(957,49): error TS17004: Cannot use JSX unless the '--jsx' flag is provided.
src/components/admin/StaffMembers.tsx(958,54): error TS17004: Cannot use JSX unless the '--jsx' flag is provided.
src/components/admin/StaffMembers.tsx(959,63): error TS17004: Cannot use JSX unless the '--jsx' flag is provided.
src/components/admin/StaffMembers.tsx(961,49): error TS17004: Cannot use JSX unless the '--jsx' flag is provided.
src/components/admin/StaffMembers.tsx(975,73): error TS17004: Cannot use JSX unless the '--jsx' flag is provided.
src/components/admin/StaffMembers.tsx(979,41): error TS17004: Cannot use JSX unless the '--jsx' flag is provided.
src/components/admin/StaffMembers.tsx(980,45): error TS17004: Cannot use JSX unless the '--jsx' flag is provided.
src/components/admin/StaffMembers.tsx(981,49): error TS17004: Cannot use JSX unless the '--jsx' flag is provided.
src/components/admin/StaffMembers.tsx(982,55): error TS17004: Cannot use JSX unless the '--jsx' flag is provided.
src/components/admin/StaffMembers.tsx(984,45): error TS17004: Cannot use JSX unless the '--jsx' flag is provided.
src/components/admin/StaffMembers.tsx(1003,66): error TS17004: Cannot use JSX unless the '--jsx' flag is provided.
src/components/admin/StaffMembers.tsx(1006,41): error TS17004: Cannot use JSX unless the '--jsx' flag is provided.
src/components/admin/StaffMembers.tsx(1007,45): error TS17004: Cannot use JSX unless the '--jsx' flag is provided.
src/components/admin/StaffMembers.tsx(1008,49): error TS17004: Cannot use JSX unless the '--jsx' flag is provided.
src/components/admin/StaffMembers.tsx(1011,45): error TS17004: Cannot use JSX unless the '--jsx' flag is provided.
src/components/admin/StaffMembers.tsx(1026,61): error TS17004: Cannot use JSX unless the '--jsx' flag is provided.
src/components/admin/StaffMembers.tsx(1030,41): error TS17004: Cannot use JSX unless the '--jsx' flag is provided.
src/components/admin/StaffMembers.tsx(1031,45): error TS17004: Cannot use JSX unless the '--jsx' flag is provided.
src/components/admin/StaffMembers.tsx(1032,49): error TS17004: Cannot use JSX unless the '--jsx' flag is provided.
src/components/admin/StaffMembers.tsx(1036,45): error TS17004: Cannot use JSX unless the '--jsx' flag is provided.
src/components/admin/StaffMembers.tsx(1037,49): error TS17004: Cannot use JSX unless the '--jsx' flag is provided.
src/components/admin/StaffMembers.tsx(1063,49): error TS17004: Cannot use JSX unless the '--jsx' flag is provided.
src/components/admin/StaffMembers.tsx(1068,69): error TS17004: Cannot use JSX unless the '--jsx' flag is provided.
src/components/admin/StaffMembers.tsx(1068,102): error TS17004: Cannot use JSX unless the '--jsx' flag is provided.
src/components/admin/StaffMembers.tsx(1073,45): error TS17004: Cannot use JSX unless the '--jsx' flag is provided.
src/components/admin/StaffMembers.tsx(1074,49): error TS17004: Cannot use JSX unless the '--jsx' flag is provided.
src/components/admin/StaffMembers.tsx(1075,49): error TS17004: Cannot use JSX unless the '--jsx' flag is provided.
src/components/admin/StaffMembers.tsx(1079,61): error TS17004: Cannot use JSX unless the '--jsx' flag is provided.
src/components/admin/StaffMembers.tsx(1080,65): error TS17004: Cannot use JSX unless the '--jsx' flag is provided.
src/components/admin/StaffMembers.tsx(1081,79): error TS17004: Cannot use JSX unless the '--jsx' flag is provided.
src/components/admin/StaffMembers.tsx(1081,173): error TS17004: Cannot use JSX unless the '--jsx' flag is provided.
src/components/admin/StaffMembers.tsx(1083,65): error TS17004: Cannot use JSX unless the '--jsx' flag is provided.
src/components/admin/StaffMembers.tsx(1090,53): error TS17004: Cannot use JSX unless the '--jsx' flag is provided.
src/components/admin/StaffMembers.tsx(1091,57): error TS17004: Cannot use JSX unless the '--jsx' flag is provided.
src/components/admin/StaffMembers.tsx(1092,181): error TS17004: Cannot use JSX unless the '--jsx' flag is provided.
src/components/admin/StaffMembers.tsx(1092,275): error TS17004: Cannot use JSX unless the '--jsx' flag is provided.
src/components/admin/StaffMembers.tsx(1094,57): error TS17004: Cannot use JSX unless the '--jsx' flag is provided.
src/components/admin/StaffMembers.tsx(1101,69): error TS17004: Cannot use JSX unless the '--jsx' flag is provided.
src/components/admin/StaffMembers.tsx(1105,49): error TS17004: Cannot use JSX unless the '--jsx' flag is provided.
src/components/admin/StaffMembers.tsx(1109,49): error TS17004: Cannot use JSX unless the '--jsx' flag is provided.
src/components/admin/StaffMembers.tsx(1111,57): error TS17004: Cannot use JSX unless the '--jsx' flag is provided.
src/components/admin/StaffMembers.tsx(1150,41): error TS17004: Cannot use JSX unless the '--jsx' flag is provided.
src/components/admin/StaffMembers.tsx(1152,3): error TS17004: Cannot use JSX unless the '--jsx' flag is provided.
src/components/admin/StaffMembers.tsx(1153,5): error TS17004: Cannot use JSX unless the '--jsx' flag is provided.
src/components/admin/StaffMembers.tsx(1158,5): error TS17004: Cannot use JSX unless the '--jsx' flag is provided.
src/components/admin/StaffMembers.tsx(1159,9): error TS17004: Cannot use JSX unless the '--jsx' flag is provided.
src/components/admin/StaffMembers.tsx(1160,9): error TS17004: Cannot use JSX unless the '--jsx' flag is provided.
src/components/admin/StaffMembers.tsx(1169,5): error TS17004: Cannot use JSX unless the '--jsx' flag is provided.
src/components/admin/StaffMembers.tsx(1172,9): error TS17004: Cannot use JSX unless the '--jsx' flag is provided.
src/components/admin/StaffMembers.tsx(1173,11): error TS17004: Cannot use JSX unless the '--jsx' flag is provided.
src/components/admin/StaffMembers.tsx(1174,13): error TS17004: Cannot use JSX unless the '--jsx' flag is provided.
src/components/admin/StaffMembers.tsx(1180,13): error TS17004: Cannot use JSX unless the '--jsx' flag is provided.
src/components/admin/StaffMembers.tsx(1188,7): error TS17004: Cannot use JSX unless the '--jsx' flag is provided.
src/components/admin/StaffMembers.tsx(1195,15): error TS17004: Cannot use JSX unless the '--jsx' flag is provided.
src/components/admin/StaffMembers.tsx(1199,17): error TS17004: Cannot use JSX unless the '--jsx' flag is provided.
src/components/admin/StaffMembers.tsx(1200,19): error TS17004: Cannot use JSX unless the '--jsx' flag is provided.
src/components/admin/StaffMembers.tsx(1206,19): error TS17004: Cannot use JSX unless the '--jsx' flag is provided.
src/components/admin/StaffMembers.tsx(1207,21): error TS17004: Cannot use JSX unless the '--jsx' flag is provided.
src/components/admin/StaffMembers.tsx(1210,21): error TS17004: Cannot use JSX unless the '--jsx' flag is provided.
src/components/admin/StaffMembers.tsx(1217,19): error TS17004: Cannot use JSX unless the '--jsx' flag is provided.
src/components/admin/StaffMembers.tsx(1218,21): error TS17004: Cannot use JSX unless the '--jsx' flag is provided.
src/components/admin/StaffMembers.tsx(1219,21): error TS17004: Cannot use JSX unless the '--jsx' flag is provided.
src/components/admin/StaffMembers.tsx(1233,11): error TS17004: Cannot use JSX unless the '--jsx' flag is provided.
src/components/admin/StaffMembers.tsx(1241,5): error TS17004: Cannot use JSX unless the '--jsx' flag is provided.
src/components/admin/StaffMembers.tsx(1242,9): error TS17004: Cannot use JSX unless the '--jsx' flag is provided.
src/components/admin/StaffMembers.tsx(1246,13): error TS17004: Cannot use JSX unless the '--jsx' flag is provided.
src/components/admin/StaffMembers.tsx(1261,41): error TS17004: Cannot use JSX unless the '--jsx' flag is provided.
src/components/admin/StaffMembers.tsx(1263,37): error TS17004: Cannot use JSX unless the '--jsx' flag is provided.
src/components/admin/StaffMembers.tsx(1283,41): error TS17004: Cannot use JSX unless the '--jsx' flag is provided.
src/components/admin/StaffMembers.tsx(1284,45): error TS17004: Cannot use JSX unless the '--jsx' flag is provided.
src/components/admin/StaffMembers.tsx(1285,49): error TS17004: Cannot use JSX unless the '--jsx' flag is provided.
src/components/admin/StaffMembers.tsx(1288,49): error TS17004: Cannot use JSX unless the '--jsx' flag is provided.
src/components/admin/StaffMembers.tsx(1290,57): error TS17004: Cannot use JSX unless the '--jsx' flag is provided.
src/components/admin/StaffMembers.tsx(1305,49): error TS17004: Cannot use JSX unless the '--jsx' flag is provided.
src/components/admin/StaffMembers.tsx(1306,53): error TS17004: Cannot use JSX unless the '--jsx' flag is provided.
src/components/admin/StaffMembers.tsx(1307,57): error TS17004: Cannot use JSX unless the '--jsx' flag is provided.
src/components/admin/StaffMembers.tsx(1308,57): error TS17004: Cannot use JSX unless the '--jsx' flag is provided.
src/components/admin/StaffMembers.tsx(1316,53): error TS17004: Cannot use JSX unless the '--jsx' flag is provided.
src/components/admin/StaffMembers.tsx(1317,57): error TS17004: Cannot use JSX unless the '--jsx' flag is provided.
src/components/admin/StaffMembers.tsx(1318,57): error TS17004: Cannot use JSX unless the '--jsx' flag is provided.
src/components/admin/StaffMembers.tsx(1326,53): error TS17004: Cannot use JSX unless the '--jsx' flag is provided.
src/components/admin/StaffMembers.tsx(1335,45): error TS17004: Cannot use JSX unless the '--jsx' flag is provided.
src/components/admin/StaffMembers.tsx(1336,45): error TS17004: Cannot use JSX unless the '--jsx' flag is provided.
src/components/admin/StaffMembers.tsx(1340,57): error TS17004: Cannot use JSX unless the '--jsx' flag is provided.
src/components/admin/StaffMembers.tsx(1341,61): error TS17004: Cannot use JSX unless the '--jsx' flag is provided.
src/components/admin/StaffMembers.tsx(1342,65): error TS17004: Cannot use JSX unless the '--jsx' flag is provided.
src/components/admin/StaffMembers.tsx(1343,65): error TS17004: Cannot use JSX unless the '--jsx' flag is provided.
src/components/admin/StaffMembers.tsx(1347,69): error TS17004: Cannot use JSX unless the '--jsx' flag is provided.
src/components/admin/StaffMembers.tsx(1352,65): error TS17004: Cannot use JSX unless the '--jsx' flag is provided.
src/components/admin/StaffMembers.tsx(1354,73): error TS17004: Cannot use JSX unless the '--jsx' flag is provided.
src/components/admin/StaffMembers.tsx(1355,77): error TS17004: Cannot use JSX unless the '--jsx' flag is provided.
src/components/admin/StaffMembers.tsx(1361,77): error TS17004: Cannot use JSX unless the '--jsx' flag is provided.
src/components/admin/StaffMembers.tsx(1362,77): error TS17004: Cannot use JSX unless the '--jsx' flag is provided.
src/components/admin/StaffMembers.tsx(1368,77): error TS17004: Cannot use JSX unless the '--jsx' flag is provided.
src/components/admin/StaffMembers.tsx(1372,81): error TS17004: Cannot use JSX unless the '--jsx' flag is provided.
src/components/admin/StaffMembers.tsx(1378,65): error TS17004: Cannot use JSX unless the '--jsx' flag is provided.
src/components/admin/StaffMembers.tsx(1463,29): error TS17004: Cannot use JSX unless the '--jsx' flag is provided.
src/components/admin/StaffMembers.tsx(1465,3): error TS17004: Cannot use JSX unless the '--jsx' flag is provided.
src/components/admin/StaffMembers.tsx(1475,25): error TS17004: Cannot use JSX unless the '--jsx' flag is provided.
src/components/admin/StaffMembers.tsx(1476,29): error TS17004: Cannot use JSX unless the '--jsx' flag is provided.
src/components/admin/StaffMembers.tsx(1477,29): error TS17004: Cannot use JSX unless the '--jsx' flag is provided.
src/components/admin/StaffMembers.tsx(1478,29): error TS17004: Cannot use JSX unless the '--jsx' flag is provided.
src/components/admin/StaffMembers.tsx(1482,17): error TS17004: Cannot use JSX unless the '--jsx' flag is provided.
src/components/admin/StaffMembers.tsx(1492,17): error TS17004: Cannot use JSX unless the '--jsx' flag is provided.
src/components/admin/StaffMembers.tsx(1507,17): error TS17004: Cannot use JSX unless the '--jsx' flag is provided.
src/components/admin/StaffMembers.tsx(1508,21): error TS17004: Cannot use JSX unless the '--jsx' flag is provided.
src/components/admin/StaffMembers.tsx(1509,25): error TS17004: Cannot use JSX unless the '--jsx' flag is provided.
src/components/admin/StaffMembers.tsx(1510,25): error TS17004: Cannot use JSX unless the '--jsx' flag is provided.
src/components/admin/StaffMembers.tsx(1512,21): error TS17004: Cannot use JSX unless the '--jsx' flag is provided.
src/components/admin/StaffMembers.tsx(1513,25): error TS17004: Cannot use JSX unless the '--jsx' flag is provided.
src/components/admin/StaffMembers.tsx(1520,25): error TS17004: Cannot use JSX unless the '--jsx' flag is provided.
src/components/admin/StaffMembers.tsx(1526,33): error TS17004: Cannot use JSX unless the '--jsx' flag is provided.
src/components/admin/StaffMembers.tsx(1528,33): error TS17004: Cannot use JSX unless the '--jsx' flag is provided.
src/components/admin/StaffMembers.tsx(1530,29): error TS17004: Cannot use JSX unless the '--jsx' flag is provided.
src/services/authService.ts(11,3): error TS1343: The 'import.meta' meta-property is only allowed when the '--module' option is 'es2020', 'es2022', 'esnext', 'system', 'node16', 'node18', 'node20', or 'nodenext'.
src/services/authService.ts(11,15): error TS2339: Property 'env' does not exist on type 'ImportMeta'.
src/services/serviceApi.ts(5,3): error TS1343: The 'import.meta' meta-property is only allowed when the '--module' option is 'es2020', 'es2022', 'esnext', 'system', 'node16', 'node18', 'node20', or 'nodenext'.
src/services/serviceApi.ts(5,15): error TS2339: Property 'env' does not exist on type 'ImportMeta'.
src/services/settingsService.ts(5,3): error TS1343: The 'import.meta' meta-property is only allowed when the '--module' option is 'es2020', 'es2022', 'esnext', 'system', 'node16', 'node18', 'node20', or 'nodenext'.
src/services/settingsService.ts(5,15): error TS2339: Property 'env' does not exist on type 'ImportMeta'.
src/services/staffApi.ts(21,3): error TS1343: The 'import.meta' meta-property is only allowed when the '--module' option is 'es2020', 'es2022', 'esnext', 'system', 'node16', 'node18', 'node20', or 'nodenext'.
src/services/staffApi.ts(21,15): error TS2339: Property 'env' does not exist on type 'ImportMeta'.
